kairensyu@kai-VirtualBox:~$ mkdir git_challenge
kairensyu@kai-VirtualBox:~$ cd git_challenge
kairensyu@kai-VirtualBox:~/git_challenge$ git init
Initialized empty Git repository in /home/kairensyu/git_challenge/.git/
kairensyu@kai-VirtualBox:~/git_challenge$ echo "hello,world!" > hello_world.txt
kairensyu@kai-VirtualBox:~/git_challenge$ git add hello_world.txt
kairensyu@kai-VirtualBox:~/git_challenge$ git commit -m "hello_world.txtを 追加" 
[main (root-commit) 567cb98] hello_world.txtを追加
 1 file changed, 1 insertion(+)
 create mode 100644 hello_world.txt
kairensyu@kai-VirtualBox:~/git_challenge$ echo "こんにちは、世界！" >> hello_world.txt
kairensyu@kai-VirtualBox:~/git_challenge$ git add hello_world.txt
kairensyu@kai-VirtualBox:~/git_challenge$ git commit -m "日本語訳を追記"
[main eacad21] 日本語訳を追記
 1 file changed, 1 insertion(+)
kairensyu@kai-VirtualBox:~/git_challenge$ git log --oneline
eacad21 (HEAD -> main) 日本語訳を追記
567cb98 hello_world.txtを追加

